
> path-logic@0.1.0 test
> nx run-many --target=test --all


 NX   Running target test for project app:

- app



> nx run app:test

[33m❯[39m Building...
[32m✔[39m Building...
[37m[1mInitial chunk files[22m                       [2m | [22m[1mNames[22m                                  [2m | [22m [1mRaw size[22m
[32mspec-app-app.component.js[37m                 [2m | [22m[2mspec-app-app.component[22m                 [2m | [22m[36m101.70 kB[37m[2m | [22m
[32mstyles.css[37m                                [2m | [22m[2mstyles[22m                                 [2m | [22m [36m63.66 kB[37m[2m | [22m
[32mspec-app-core-utils-arithmetic.js[37m         [2m | [22m[2mspec-app-core-utils-arithmetic[22m         [2m | [22m [36m16.03 kB[37m[2m | [22m
[32mchunk-4WY36NPQ.js[37m                         [2m | [22m[2m-[22m                                      [2m | [22m [36m15.55 kB[37m[2m | [22m
[32mspec-app-core-parsers-QIFParser.js[37m        [2m | [22m[2mspec-app-core-parsers-QIFParser[22m        [2m | [22m [36m12.75 kB[37m[2m | [22m
[32mspec-app-core-engine-CashflowProjection.js[37m[2m | [22m[2mspec-app-core-engine-CashflowProjection[22m[2m | [22m  [36m9.59 kB[37m[2m | [22m
[32mchunk-YPOHBL7F.js[37m                         [2m | [22m[2m-[22m                                      [2m | [22m  [36m9.32 kB[37m[2m | [22m
[32mspec-app-core-engine-TransactionEngine.js[37m [2m | [22m[2mspec-app-core-engine-TransactionEngine[22m [2m | [22m  [36m5.72 kB[37m[2m | [22m
[32mchunk-WYKNARVL.js[37m                         [2m | [22m[2m-[22m                                      [2m | [22m  [36m4.88 kB[37m[2m | [22m
[32mspec-app-core-engine-RecurringEngine.js[37m   [2m | [22m[2mspec-app-core-engine-RecurringEngine[22m   [2m | [22m  [36m4.35 kB[37m[2m | [22m
[32mchunk-BYLG55UQ.js[37m                         [2m | [22m[2m-[22m                                      [2m | [22m  [36m3.58 kB[37m[2m | [22m
[32mchunk-EMW6PED5.js[37m                         [2m | [22m[2m-[22m                                      [2m | [22m  [36m3.24 kB[39[39m[37mm[2m | [22m
[32mchunk-4XRTJMR3.js[37m                         [2m | [22m[2m-[22m                                      [2m | [22m  [36m1.77 kB[37m[2m | [22m
[32mchunk-7MC7M52C.js[37m                         [2m | [22m[2m-[22m                                      [2m | [22m  [36m1.75 kB[37m[2m | [22m
[32mspec-app-core-shared-Money.js[37m             [2m | [22m[2mspec-app-core-shared-Money[22m             [2m | [22m  [36m1.51 kB[37m[2m | [22m
[32minit-testbed.js[37m                           [2m | [22m[2minit-testbed[22m                           [2m | [22m  [36m1.20 kB[37m[2m | [22m
[32mchunk-LHCMEH3J.js[37m                         [2m | [22m[2m-[22m                                      [2m | [22m[36m736 bytes[37m[2m | [22m

[1m [22m                                         [2m | [22m[1mInitial total[22m                          [2m | [22m[1m257.34 kB[22m

[1mLazy chunk files[22m                          [2m | [22m[1mNames[22m                                  [2m | [22m [1mRaw size[22m
[32mworker-VH73ZVW2.js[37m                        [2m | [22m[2mqif-import-worker[22m                      [2m | [22m [36m12.69 kB[37m[2m | [22m

Application bundle generation complete. [8.914 seconds] - 2026-05-03T21:46:01.034Z
[39m

[1m[46m RUN [49m[22m [36mv4.0.18 [39m[90m/home/pete/projects/path-logic[39m

 [32m✓[39m [30m[43m app [49m[39m app/src/app/core/engine/RecurringEngine.spec.ts [2m([22m[2m12 tests[22m[2m)[22m[32m 16[2mms[22m[39m
 [32m✓[39m [30m[43m app [49m[39m app/src/app/core/engine/CashflowProjection.spec.ts [2m([22m[2m8 tests[22m[2m)[22m[32m 28[2mms[22m[39m
 [32m✓[39m [30m[43m app [49m[39m app/src/app/core/engine/TransactionEngine.spec.ts [2m([22m[2m10 tests[22m[2m)[22m[32m 18[2mms[22m[39m
 [32m✓[39m [30m[43m app [49m[39m app/src/app/core/parsers/QIFParser.spec.ts [2m([22m[2m29 tests[22m[2m)[22m[32m 39[2mms[22m[39m
 [32m✓[39m [30m[43m app [49m[39m app/src/app/core/shared/Money.spec.ts [2m([22m[2m6 tests[22m[2m)[22m[32m 47[2mms[22m[39m
 [32m✓[39m [30m[43m app [49m[39m app/src/app/core/utils/arithmetic.spec.ts [2m([22m[2m129 tests[22m[2m)[22m[32m 68[2mms[22m[39m
[90mstderr[2m | app/src/app/app.component.spec.ts[2m > [22m[2mAppComponent[2m > [22m[2mshould create the app
[22m[39m[2026-05-03T21:46:04.357Z]  @firebase/auth: Auth (12.10.0): INTERNAL ASSERTION FAILED: Expected a class definition

[90mstderr[2m | app/src/app/app.component.spec.ts[2m > [22m[2mAppComponent[2m > [22m[2mshould have the correct title
[22m[39m[2026-05-03T21:46:04.375Z]  @firebase/auth: Auth (12.10.0): INTERNAL ASSERTION FAILED: Expected a class definition

 [31m❯[39m [30m[43m app [49m[39m app/src/app/app.component.spec.ts [2m([22m[2m2 tests[22m[2m | [22m[31m2 failed[39m[2m)[22m[32m 66[2mms[22m[39m
[31m     [31m×[31m should create the app[39m[32m 57[2mms[22m[39m
[31m     [31m×[31m should have the correct title[39m[32m 8[2mms[22m[39m

[31m⎯⎯⎯⎯⎯⎯⎯[39m[1m[41m Failed Tests 2 [49m[22m[31m⎯⎯⎯⎯⎯⎯⎯[39m

[41m[1m FAIL [22m[49m [30m[43m app [49m[39m app/src/app/app.component.spec.ts[2m > [22mAppComponent[2m > [22mshould create the app
[41m[1m FAIL [22m[49m [30m[43m app [49m[39m app/src/app/app.component.spec.ts[2m > [22mAppComponent[2m > [22mshould have the correct title
[31m[1mError[22m: INTERNAL ASSERTION FAILED: Expected a class definition[39m
[90m [2m❯[22m debugFail node_modules/@firebase/auth/dist/node-esm/totp-413dc172.js:[2m522:11[22m[39m
[90m [2m❯[22m debugAssert node_modules/@firebase/auth/dist/node-esm/totp-413dc172.js:[2m533:9[22m[39m
[90m [2m❯[22m _getInstance node_modules/@firebase/auth/dist/node-esm/totp-413dc172.js:[2m1984:5[22m[39m
[90m [2m❯[22m AuthImpl._initializeWithPersistence node_modules/@firebase/auth/dist/node-esm/totp-413dc172.js:[2m2659:43[22m[39m
[90m [2m❯[22m _initializeAuthInstance node_modules/@firebase/auth/dist/node-esm/totp-413dc172.js:[2m3599:10[22m[39m
[90m [2m❯[22m Component.instanceFactory node_modules/@firebase/auth/dist/node-esm/totp-413dc172.js:[2m7291:9[22m[39m
[90m [2m❯[22m Provider.getOrInitializeService node_modules/@firebase/component/dist/esm/index.esm.js:[2m289:39[22m[39m
[90m [2m❯[22m Provider.initialize node_modules/@firebase/component/dist/esm/index.esm.js:[2m233:31[22m[39m
[90m [2m❯[22m initializeAuth node_modules/@firebase/auth/dist/node-esm/totp-413dc172.js:[2m3587:27[22m[39m
[90m [2m❯[22m new _FirebaseService app/src/app/services/firebase/firebase.service.ts:[2m28:21[22m[39m

[31m[2m⎯⎯⎯⎯⎯⎯⎯⎯⎯⎯⎯⎯⎯⎯⎯⎯⎯⎯⎯⎯⎯⎯⎯⎯[1/2]⎯[22m[39m


[2m Test Files [22m [1m[31m1 failed[39m[22m[2m | [22m[1m[32m6 passed[39m[22m[90m (7)[39m
[2m      Tests [22m [1m[31m2 failed[39m[22m[2m | [22m[1m[32m194 passed[39m[22m[90m (196)[39m
[2m   Start at [22m 16:46:01
[2m   Duration [22m 3.01s[2m (transform 1.68s, setup 4.24s, import 2.34s, tests 282ms, environment 9.93s)[22m




 NX   Running target test for project app failed

Failed tasks:

- app:test

View structured, searchable error logs at https://nx.app/runs/jUvV4073Ry

